Performing C SOURCE FILE Test CMAKE_HAVE_LIBC_PTHREAD failed with the following output:
Change Dir: /home/yugwang/HyTGraph/debug-build/CMakeFiles/CMakeTmp

Run Build Command(s):/opt/rh/devtoolset-7/root/usr/bin/gmake -f Makefile cmTC_f5a68/fast && /opt/rh/devtoolset-7/root/usr/bin/gmake  -f CMakeFiles/cmTC_f5a68.dir/build.make CMakeFiles/cmTC_f5a68.dir/build
gmake[1]: Entering directory '/home/yugwang/HyTGraph/debug-build/CMakeFiles/CMakeTmp'
Building C object CMakeFiles/cmTC_f5a68.dir/src.c.o
/opt/rh/devtoolset-7/root/usr/bin/gcc -DCMAKE_HAVE_LIBC_PTHREAD  -fPIC  -o CMakeFiles/cmTC_f5a68.dir/src.c.o -c /home/yugwang/HyTGraph/debug-build/CMakeFiles/CMakeTmp/src.c
Linking C executable cmTC_f5a68
/usr/local/bin/cmake -E cmake_link_script CMakeFiles/cmTC_f5a68.dir/link.txt --verbose=1
/opt/rh/devtoolset-7/root/usr/bin/gcc -fPIC  -rdynamic CMakeFiles/cmTC_f5a68.dir/src.c.o -o cmTC_f5a68 
CMakeFiles/cmTC_f5a68.dir/src.c.o: In function `main':
src.c:(.text+0x2f): undefined reference to `pthread_create'
src.c:(.text+0x3b): undefined reference to `pthread_detach'
src.c:(.text+0x47): undefined reference to `pthread_cancel'
src.c:(.text+0x58): undefined reference to `pthread_join'
src.c:(.text+0x6c): undefined reference to `pthread_atfork'
collect2: error: ld returned 1 exit status
gmake[1]: *** [CMakeFiles/cmTC_f5a68.dir/build.make:99: cmTC_f5a68] Error 1
gmake[1]: Leaving directory '/home/yugwang/HyTGraph/debug-build/CMakeFiles/CMakeTmp'
gmake: *** [Makefile:127: cmTC_f5a68/fast] Error 2


Source file was:
#include <pthread.h>

static void* test_func(void* data)
{
  return data;
}

int main(void)
{
  pthread_t thread;
  pthread_create(&thread, NULL, test_func, NULL);
  pthread_detach(thread);
  pthread_cancel(thread);
  pthread_join(thread, NULL);
  pthread_atfork(NULL, NULL, NULL);
  pthread_exit(NULL);

  return 0;
}

Determining if the function pthread_create exists in the pthreads failed with the following output:
Change Dir: /home/yugwang/HyTGraph/debug-build/CMakeFiles/CMakeTmp

Run Build Command(s):/opt/rh/devtoolset-7/root/usr/bin/gmake -f Makefile cmTC_9d0aa/fast && /opt/rh/devtoolset-7/root/usr/bin/gmake  -f CMakeFiles/cmTC_9d0aa.dir/build.make CMakeFiles/cmTC_9d0aa.dir/build
gmake[1]: Entering directory '/home/yugwang/HyTGraph/debug-build/CMakeFiles/CMakeTmp'
Building C object CMakeFiles/cmTC_9d0aa.dir/CheckFunctionExists.c.o
/opt/rh/devtoolset-7/root/usr/bin/gcc   -fPIC -DCHECK_FUNCTION_EXISTS=pthread_create -o CMakeFiles/cmTC_9d0aa.dir/CheckFunctionExists.c.o -c /usr/local/share/cmake-3.20/Modules/CheckFunctionExists.c
Linking C executable cmTC_9d0aa
/usr/local/bin/cmake -E cmake_link_script CMakeFiles/cmTC_9d0aa.dir/link.txt --verbose=1
/opt/rh/devtoolset-7/root/usr/bin/gcc -fPIC -DCHECK_FUNCTION_EXISTS=pthread_create -rdynamic CMakeFiles/cmTC_9d0aa.dir/CheckFunctionExists.c.o -o cmTC_9d0aa  -lpthreads 
/opt/rh/devtoolset-7/root/usr/libexec/gcc/x86_64-redhat-linux/7/ld: cannot find -lpthreads
collect2: error: ld returned 1 exit status
gmake[1]: *** [CMakeFiles/cmTC_9d0aa.dir/build.make:99: cmTC_9d0aa] Error 1
gmake[1]: Leaving directory '/home/yugwang/HyTGraph/debug-build/CMakeFiles/CMakeTmp'
gmake: *** [Makefile:127: cmTC_9d0aa/fast] Error 2



